Archive member included to satisfy reference by file (symbol)

c:/program files/microchip/xc8/v2.36/avr/bin/../lib/gcc/avr/5.4.0/avrxmega4/memx-const/mapped\libgcc.a(_copy_data.o)
                              Drivers/RTC/rtc.o (__do_clear_bss)
c:/program files/microchip/xc8/v2.36/avr/bin/../lib/gcc/avr/5.4.0/../../../../avr/lib/avrxmega4/memx-const/mapped\libc.a(exit.o)
                              C:/Program Files (x86)/Atmel/Studio/7.0/Packs/atmel/AVR-Dx_DFP/1.10.114/xc8/avr/lib/avrxmega4/memx-const/mapped/crtavr128db48.o (exit)
c:/program files/microchip/xc8/v2.36/avr/bin/../lib/gcc/avr/5.4.0/../../../../avr/lib/avrxmega4/memx-const/mapped\libc.a(_Exit.o)
                              c:/program files/microchip/xc8/v2.36/avr/bin/../lib/gcc/avr/5.4.0/../../../../avr/lib/avrxmega4/memx-const/mapped\libc.a(exit.o) (_Exit)
c:/program files/microchip/xc8/v2.36/avr/bin/../lib/gcc/avr/5.4.0/avrxmega4/memx-const/mapped\libgcc.a(_exit.o)
                              c:/program files/microchip/xc8/v2.36/avr/bin/../lib/gcc/avr/5.4.0/../../../../avr/lib/avrxmega4/memx-const/mapped\libc.a(_Exit.o) (_exit)

Discarded input sections

 .data          0x0000000000000000        0x0 C:/Program Files (x86)/Atmel/Studio/7.0/Packs/atmel/AVR-Dx_DFP/1.10.114/xc8/avr/lib/avrxmega4/memx-const/mapped/crtavr128db48.o
 .bss           0x0000000000000000        0x0 C:/Program Files (x86)/Atmel/Studio/7.0/Packs/atmel/AVR-Dx_DFP/1.10.114/xc8/avr/lib/avrxmega4/memx-const/mapped/crtavr128db48.o
 .text          0x0000000000000000        0x0 Drivers/Analog_Comparator/ac_driver.o
 .data          0x0000000000000000        0x0 Drivers/Analog_Comparator/ac_driver.o
 .bss           0x0000000000000000        0x0 Drivers/Analog_Comparator/ac_driver.o
 .text          0x0000000000000000        0x0 Drivers/Core/core.o
 .data          0x0000000000000000        0x0 Drivers/Core/core.o
 .bss           0x0000000000000000        0x0 Drivers/Core/core.o
 .text          0x0000000000000000        0x0 Drivers/Interrupt/interrupt.o
 .data          0x0000000000000000        0x0 Drivers/Interrupt/interrupt.o
 .bss           0x0000000000000000        0x0 Drivers/Interrupt/interrupt.o
 .text.interrupt_init
                0x0000000000000000       0x1e Drivers/Interrupt/interrupt.o
 .text          0x0000000000000000        0x0 Drivers/IO/io_driver.o
 .data          0x0000000000000000        0x0 Drivers/IO/io_driver.o
 .bss           0x0000000000000000        0x0 Drivers/IO/io_driver.o
 .text          0x0000000000000000        0x0 Drivers/LED/led_driver.o
 .data          0x0000000000000000        0x0 Drivers/LED/led_driver.o
 .bss           0x0000000000000000        0x0 Drivers/LED/led_driver.o
 .text          0x0000000000000000        0x0 Drivers/Polling/polling.o
 .data          0x0000000000000000        0x0 Drivers/Polling/polling.o
 .bss           0x0000000000000000        0x0 Drivers/Polling/polling.o
 .text.polling_init
                0x0000000000000000       0x26 Drivers/Polling/polling.o
 .text          0x0000000000000000        0x0 Drivers/RTC/rtc.o
 .data          0x0000000000000000        0x0 Drivers/RTC/rtc.o
 .bss           0x0000000000000000        0x0 Drivers/RTC/rtc.o
 .text.RTC_Initialize
                0x0000000000000000       0x34 Drivers/RTC/rtc.o
 .text.RTC_Start
                0x0000000000000000        0xc Drivers/RTC/rtc.o
 .text.RTC_Stop
                0x0000000000000000        0xc Drivers/RTC/rtc.o
 .text.RTC_SetOVFIsrCallback
                0x0000000000000000        0xa Drivers/RTC/rtc.o
 .text.RTC_SetCMPIsrCallback
                0x0000000000000000        0xa Drivers/RTC/rtc.o
 .text.RTC_SetPITIsrCallback
                0x0000000000000000        0xa Drivers/RTC/rtc.o
 .text.RTC_WriteCounter
                0x0000000000000000       0x14 Drivers/RTC/rtc.o
 .text.RTC_ReadCounter
                0x0000000000000000        0xa Drivers/RTC/rtc.o
 .text.RTC_WritePeriod
                0x0000000000000000       0x14 Drivers/RTC/rtc.o
 .text.RTC_ReadPeriod
                0x0000000000000000        0xa Drivers/RTC/rtc.o
 .text.RTC_EnableCMPInterrupt
                0x0000000000000000        0xc Drivers/RTC/rtc.o
 .text.RTC_DisableCMPInterrupt
                0x0000000000000000        0xc Drivers/RTC/rtc.o
 .text.RTC_EnableOVFInterrupt
                0x0000000000000000        0xc Drivers/RTC/rtc.o
 .text.RTC_DisableOVFInterrupt
                0x0000000000000000        0xc Drivers/RTC/rtc.o
 .text.RTC_EnablePITInterrupt
                0x0000000000000000        0xc Drivers/RTC/rtc.o
 .text.RTC_DisablePITInterrupt
                0x0000000000000000        0xc Drivers/RTC/rtc.o
 .text.RTC_ClearOVFInterruptFlag
                0x0000000000000000        0x8 Drivers/RTC/rtc.o
 .text.RTC_IsOVFInterruptEnabled
                0x0000000000000000        0xc Drivers/RTC/rtc.o
 .text          0x0000000000000000        0x0 Drivers/USART/usart.o
 .data          0x0000000000000000        0x0 Drivers/USART/usart.o
 .bss           0x0000000000000000        0x0 Drivers/USART/usart.o
 .text.USART3_Init
                0x0000000000000000       0x24 Drivers/USART/usart.o
 .text.USART3_SendChar
                0x0000000000000000        0xe Drivers/USART/usart.o
 .text.USART3_SendString
                0x0000000000000000       0x3c Drivers/USART/usart.o
 .text.USART3_IsTxReady
                0x0000000000000000        0xc Drivers/USART/usart.o
 .text.USART3_IsRxReady
                0x0000000000000000        0xc Drivers/USART/usart.o
 .text.USART3_Read
                0x0000000000000000        0xe Drivers/USART/usart.o
 .debug_info    0x0000000000000000      0x7f6 Drivers/USART/usart.o
 .debug_abbrev  0x0000000000000000      0x180 Drivers/USART/usart.o
 .debug_loc     0x0000000000000000       0xa3 Drivers/USART/usart.o
 .debug_aranges
                0x0000000000000000       0x48 Drivers/USART/usart.o
 .debug_ranges  0x0000000000000000       0x38 Drivers/USART/usart.o
 .debug_line    0x0000000000000000      0x1ce Drivers/USART/usart.o
 .debug_str     0x0000000000000000        0xb Drivers/USART/usart.o
 .comment       0x0000000000000000       0x30 Drivers/USART/usart.o
 .debug_frame   0x0000000000000000       0x88 Drivers/USART/usart.o
 .text          0x0000000000000000        0x0 main.o
 .data          0x0000000000000000        0x0 main.o
 .bss           0x0000000000000000        0x0 main.o
 .rodata        0x0000000000000000        0x8 main.o
 .text.rtc_overflow_callback
                0x0000000000000000       0x2c main.o
 .text          0x0000000000000000        0x0 c:/program files/microchip/xc8/v2.36/avr/bin/../lib/gcc/avr/5.4.0/avrxmega4/memx-const/mapped\libgcc.a(_copy_data.o)
 .data          0x0000000000000000        0x0 c:/program files/microchip/xc8/v2.36/avr/bin/../lib/gcc/avr/5.4.0/avrxmega4/memx-const/mapped\libgcc.a(_copy_data.o)
 .bss           0x0000000000000000        0x0 c:/program files/microchip/xc8/v2.36/avr/bin/../lib/gcc/avr/5.4.0/avrxmega4/memx-const/mapped\libgcc.a(_copy_data.o)
 .text.libgcc.mul
                0x0000000000000000        0x0 c:/program files/microchip/xc8/v2.36/avr/bin/../lib/gcc/avr/5.4.0/avrxmega4/memx-const/mapped\libgcc.a(_copy_data.o)
 .text.libgcc.div
                0x0000000000000000        0x0 c:/program files/microchip/xc8/v2.36/avr/bin/../lib/gcc/avr/5.4.0/avrxmega4/memx-const/mapped\libgcc.a(_copy_data.o)
 .text.libgcc   0x0000000000000000        0x0 c:/program files/microchip/xc8/v2.36/avr/bin/../lib/gcc/avr/5.4.0/avrxmega4/memx-const/mapped\libgcc.a(_copy_data.o)
 .text.libgcc.prologue
                0x0000000000000000        0x0 c:/program files/microchip/xc8/v2.36/avr/bin/../lib/gcc/avr/5.4.0/avrxmega4/memx-const/mapped\libgcc.a(_copy_data.o)
 .text.libgcc.builtins
                0x0000000000000000        0x0 c:/program files/microchip/xc8/v2.36/avr/bin/../lib/gcc/avr/5.4.0/avrxmega4/memx-const/mapped\libgcc.a(_copy_data.o)
 .text.libgcc.fmul
                0x0000000000000000        0x0 c:/program files/microchip/xc8/v2.36/avr/bin/../lib/gcc/avr/5.4.0/avrxmega4/memx-const/mapped\libgcc.a(_copy_data.o)
 .text.libgcc.fixed
                0x0000000000000000        0x0 c:/program files/microchip/xc8/v2.36/avr/bin/../lib/gcc/avr/5.4.0/avrxmega4/memx-const/mapped\libgcc.a(_copy_data.o)
 .text          0x0000000000000000        0x0 c:/program files/microchip/xc8/v2.36/avr/bin/../lib/gcc/avr/5.4.0/../../../../avr/lib/avrxmega4/memx-const/mapped\libc.a(exit.o)
 .data          0x0000000000000000        0x0 c:/program files/microchip/xc8/v2.36/avr/bin/../lib/gcc/avr/5.4.0/../../../../avr/lib/avrxmega4/memx-const/mapped\libc.a(exit.o)
 .bss           0x0000000000000000        0x0 c:/program files/microchip/xc8/v2.36/avr/bin/../lib/gcc/avr/5.4.0/../../../../avr/lib/avrxmega4/memx-const/mapped\libc.a(exit.o)
 .text          0x0000000000000000        0x0 c:/program files/microchip/xc8/v2.36/avr/bin/../lib/gcc/avr/5.4.0/../../../../avr/lib/avrxmega4/memx-const/mapped\libc.a(_Exit.o)
 .data          0x0000000000000000        0x0 c:/program files/microchip/xc8/v2.36/avr/bin/../lib/gcc/avr/5.4.0/../../../../avr/lib/avrxmega4/memx-const/mapped\libc.a(_Exit.o)
 .bss           0x0000000000000000        0x0 c:/program files/microchip/xc8/v2.36/avr/bin/../lib/gcc/avr/5.4.0/../../../../avr/lib/avrxmega4/memx-const/mapped\libc.a(_Exit.o)
 .text          0x0000000000000000        0x0 c:/program files/microchip/xc8/v2.36/avr/bin/../lib/gcc/avr/5.4.0/avrxmega4/memx-const/mapped\libgcc.a(_exit.o)
 .data          0x0000000000000000        0x0 c:/program files/microchip/xc8/v2.36/avr/bin/../lib/gcc/avr/5.4.0/avrxmega4/memx-const/mapped\libgcc.a(_exit.o)
 .bss           0x0000000000000000        0x0 c:/program files/microchip/xc8/v2.36/avr/bin/../lib/gcc/avr/5.4.0/avrxmega4/memx-const/mapped\libgcc.a(_exit.o)
 .text.libgcc.mul
                0x0000000000000000        0x0 c:/program files/microchip/xc8/v2.36/avr/bin/../lib/gcc/avr/5.4.0/avrxmega4/memx-const/mapped\libgcc.a(_exit.o)
 .text.libgcc.div
                0x0000000000000000        0x0 c:/program files/microchip/xc8/v2.36/avr/bin/../lib/gcc/avr/5.4.0/avrxmega4/memx-const/mapped\libgcc.a(_exit.o)
 .text.libgcc   0x0000000000000000        0x0 c:/program files/microchip/xc8/v2.36/avr/bin/../lib/gcc/avr/5.4.0/avrxmega4/memx-const/mapped\libgcc.a(_exit.o)
 .text.libgcc.prologue
                0x0000000000000000        0x0 c:/program files/microchip/xc8/v2.36/avr/bin/../lib/gcc/avr/5.4.0/avrxmega4/memx-const/mapped\libgcc.a(_exit.o)
 .stack.descriptors
                0x0000000000000000       0x13 c:/program files/microchip/xc8/v2.36/avr/bin/../lib/gcc/avr/5.4.0/avrxmega4/memx-const/mapped\libgcc.a(_exit.o)
 .text.libgcc.builtins
                0x0000000000000000        0x0 c:/program files/microchip/xc8/v2.36/avr/bin/../lib/gcc/avr/5.4.0/avrxmega4/memx-const/mapped\libgcc.a(_exit.o)
 .text.libgcc.fmul
                0x0000000000000000        0x0 c:/program files/microchip/xc8/v2.36/avr/bin/../lib/gcc/avr/5.4.0/avrxmega4/memx-const/mapped\libgcc.a(_exit.o)
 .text.libgcc.fixed
                0x0000000000000000        0x0 c:/program files/microchip/xc8/v2.36/avr/bin/../lib/gcc/avr/5.4.0/avrxmega4/memx-const/mapped\libgcc.a(_exit.o)

Memory Configuration

Name             Origin             Length             Attributes
text             0x0000000000000000 0x0000000000020000 xr
data             0x0000000000804000 0x0000000000004000 rw !x
eeprom           0x0000000000810000 0x0000000000000200 rw !x
fuse             0x0000000000820000 0x0000000000000010 rw !x
lock             0x0000000000830000 0x0000000000000400 rw !x
signature        0x0000000000840000 0x0000000000000400 rw !x
user_signatures  0x0000000000850000 0x0000000000000400 rw !x
*default*        0x0000000000000000 0xffffffffffffffff

Linker script and memory map

Address of section .data set to 0x804000
                0x0000000000008000                __RODATA_PM_OFFSET__ = 0x8000
LOAD C:/Program Files (x86)/Atmel/Studio/7.0/Packs/atmel/AVR-Dx_DFP/1.10.114/xc8/avr/lib/avrxmega4/memx-const/mapped/crtavr128db48.o
LOAD Drivers/Analog_Comparator/ac_driver.o
LOAD Drivers/Core/core.o
LOAD Drivers/Interrupt/interrupt.o
LOAD Drivers/IO/io_driver.o
LOAD Drivers/LED/led_driver.o
LOAD Drivers/Polling/polling.o
LOAD Drivers/RTC/rtc.o
LOAD Drivers/USART/usart.o
LOAD main.o
START GROUP
LOAD c:/program files/microchip/xc8/v2.36/avr/bin/../lib/gcc/avr/5.4.0/../../../../avr/lib/avrxmega4/memx-const/mapped\libm.a
END GROUP
START GROUP
LOAD c:/program files/microchip/xc8/v2.36/avr/bin/../lib/gcc/avr/5.4.0/avrxmega4/memx-const/mapped\libgcc.a
LOAD c:/program files/microchip/xc8/v2.36/avr/bin/../lib/gcc/avr/5.4.0/../../../../avr/lib/avrxmega4/memx-const/mapped\libm.a
LOAD c:/program files/microchip/xc8/v2.36/avr/bin/../lib/gcc/avr/5.4.0/../../../../avr/lib/avrxmega4/memx-const/mapped\libc.a
LOAD C:/Program Files (x86)/Atmel/Studio/7.0/Packs/atmel/AVR-Dx_DFP/1.10.114/xc8/avr/lib/avrxmega4/memx-const/mapped\libavr128db48.a
END GROUP
                [0x0000000000000000]                __TEXT_REGION_ORIGIN__ = DEFINED (__TEXT_REGION_ORIGIN__)?__TEXT_REGION_ORIGIN__:0x0
                [0x0000000000804000]                __DATA_REGION_ORIGIN__ = DEFINED (__DATA_REGION_ORIGIN__)?__DATA_REGION_ORIGIN__:0x802000
                [0x0000000000020000]                __TEXT_REGION_LENGTH__ = DEFINED (__TEXT_REGION_LENGTH__)?__TEXT_REGION_LENGTH__:0x100000
                [0x0000000000004000]                __DATA_REGION_LENGTH__ = DEFINED (__DATA_REGION_LENGTH__)?__DATA_REGION_LENGTH__:0xffa0
                [0x0000000000000200]                __EEPROM_REGION_LENGTH__ = DEFINED (__EEPROM_REGION_LENGTH__)?__EEPROM_REGION_LENGTH__:0x10000
                [0x0000000000000010]                __FUSE_REGION_LENGTH__ = DEFINED (__FUSE_REGION_LENGTH__)?__FUSE_REGION_LENGTH__:0x400
                0x0000000000000400                __LOCK_REGION_LENGTH__ = DEFINED (__LOCK_REGION_LENGTH__)?__LOCK_REGION_LENGTH__:0x400
                0x0000000000000400                __SIGNATURE_REGION_LENGTH__ = DEFINED (__SIGNATURE_REGION_LENGTH__)?__SIGNATURE_REGION_LENGTH__:0x400
                0x0000000000000400                __USER_SIGNATURE_REGION_LENGTH__ = DEFINED (__USER_SIGNATURE_REGION_LENGTH__)?__USER_SIGNATURE_REGION_LENGTH__:0x400

.hash
 *(.hash)

.dynsym
 *(.dynsym)

.dynstr
 *(.dynstr)

.gnu.version
 *(.gnu.version)

.gnu.version_d
 *(.gnu.version_d)

.gnu.version_r
 *(.gnu.version_r)

.rel.init
 *(.rel.init)

.rela.init
 *(.rela.init)

.rel.text
 *(.rel.text)
 *(.rel.text.*)
 *(.rel.gnu.linkonce.t*)

.rela.text
 *(.rela.text)
 *(.rela.text.*)
 *(.rela.gnu.linkonce.t*)

.rel.fini
 *(.rel.fini)

.rela.fini
 *(.rela.fini)

.rel.rodata
 *(.rel.rodata)
 *(.rel.rodata.*)
 *(.rel.gnu.linkonce.r*)

.rela.rodata
 *(.rela.rodata)
 *(.rela.rodata.*)
 *(.rela.gnu.linkonce.r*)

.rel.data
 *(.rel.data)
 *(.rel.data.*)
 *(.rel.gnu.linkonce.d*)

.rela.data
 *(.rela.data)
 *(.rela.data.*)
 *(.rela.gnu.linkonce.d*)

.rel.ctors
 *(.rel.ctors)

.rela.ctors
 *(.rela.ctors)

.rel.dtors
 *(.rel.dtors)

.rela.dtors
 *(.rela.dtors)

.rel.got
 *(.rel.got)

.rela.got
 *(.rela.got)

.rel.bss
 *(.rel.bss)

.rela.bss
 *(.rela.bss)

.rel.plt
 *(.rel.plt)

.rela.plt
 *(.rela.plt)

.text           0x0000000000000000      0x160
 *(.vectors)
 .vectors       0x0000000000000000       0xf4 C:/Program Files (x86)/Atmel/Studio/7.0/Packs/atmel/AVR-Dx_DFP/1.10.114/xc8/avr/lib/avrxmega4/memx-const/mapped/crtavr128db48.o
                0x0000000000000000                __vector_default
                0x0000000000000000                __vectors
 *(.vectors)
 *(.progmem.gcc*)
 *(.dinit)
 .dinit         0x00000000000000f4        0x5 data_init
                0x00000000000000fa                . = ALIGN (0x2)
 *fill*         0x00000000000000f9        0x1 
                0x00000000000000fa                __trampolines_start = .
 *(.trampolines)
 .trampolines   0x00000000000000fa        0x0 linker stubs
 *(.trampolines*)
                0x00000000000000fa                __trampolines_end = .
 *libprintf_flt.a:*(.progmem.data)
 *libc.a:*(.progmem.data)
                0x00000000000000fa                . = ALIGN (0x2)
 *(.jumptables)
 *(.jumptables*)
 *(.lowtext)
 *(.lowtext*)
                0x00000000000000fa                __ctors_start = .
 *(.ctors)
                0x00000000000000fa                __ctors_end = .
                0x00000000000000fa                __dtors_start = .
 *(.dtors)
                0x00000000000000fa                __dtors_end = .
 SORT(*)(.ctors)
 SORT(*)(.dtors)
 *(.init0)
 .init0         0x00000000000000fa        0x0 C:/Program Files (x86)/Atmel/Studio/7.0/Packs/atmel/AVR-Dx_DFP/1.10.114/xc8/avr/lib/avrxmega4/memx-const/mapped/crtavr128db48.o
                0x00000000000000fa                __init
 *(.init0)
 *(.init1)
 .init1         0x00000000000000fa        0xe C:/Program Files (x86)/Atmel/Studio/7.0/Packs/atmel/AVR-Dx_DFP/1.10.114/xc8/avr/lib/avrxmega4/memx-const/mapped/crtavr128db48.o
 *(.init1)
 *(.init2)
 .init2         0x0000000000000108        0xc C:/Program Files (x86)/Atmel/Studio/7.0/Packs/atmel/AVR-Dx_DFP/1.10.114/xc8/avr/lib/avrxmega4/memx-const/mapped/crtavr128db48.o
 *(.init2)
 *(.init3)
 *(.init3)
 *(.init4)
 .init4         0x0000000000000114       0x40 c:/program files/microchip/xc8/v2.36/avr/bin/../lib/gcc/avr/5.4.0/avrxmega4/memx-const/mapped\libgcc.a(_copy_data.o)
                0x0000000000000114                __do_copy_data
                0x0000000000000146                __do_clear_bss
 *(.init4)
 *(.init5)
 *(.init5)
 *(.init6)
 *(.init6)
 *(.init7)
 *(.init7)
 *(.init8)
 *(.init8)
 *(.init9)
 .init9         0x0000000000000154        0x8 C:/Program Files (x86)/Atmel/Studio/7.0/Packs/atmel/AVR-Dx_DFP/1.10.114/xc8/avr/lib/avrxmega4/memx-const/mapped/crtavr128db48.o
 *(.init9)
                0x000000000000015c                . = ALIGN (0x2)
 *(.fini9)
 .fini9         0x000000000000015c        0x0 c:/program files/microchip/xc8/v2.36/avr/bin/../lib/gcc/avr/5.4.0/avrxmega4/memx-const/mapped\libgcc.a(_exit.o)
                0x000000000000015c                _exit
 *(.fini9)
 *(.fini8)
 *(.fini8)
 *(.fini7)
 *(.fini7)
 *(.fini6)
 *(.fini6)
 *(.fini5)
 *(.fini5)
 *(.fini4)
 *(.fini4)
 *(.fini3)
 *(.fini3)
 *(.fini2)
 *(.fini2)
 *(.fini1)
 *(.fini1)
 *(.fini0)
 .fini0         0x000000000000015c        0x4 c:/program files/microchip/xc8/v2.36/avr/bin/../lib/gcc/avr/5.4.0/avrxmega4/memx-const/mapped\libgcc.a(_exit.o)
 *(.fini0)
                0x0000000000000160                _etext = .

.data           0x0000000000804000        0x0 load address 0x0000000000000160
                [!provide]                        PROVIDE (__data_start, .)
 *(.gnu.linkonce.d*)
 *(.gnu.linkonce.r*)
                0x0000000000804000                . = ALIGN (0x2)
                0x0000000000804000                _edata = .
                [!provide]                        PROVIDE (__data_end, .)

.bss            0x0000000000804000        0x0
                [!provide]                        PROVIDE (__bss_start, .)
 *(COMMON)
                [!provide]                        PROVIDE (__bss_end, .)
                0x0000000000000160                __data_load_start = LOADADDR (.data)
                0x0000000000000160                __data_load_end = (__data_load_start + SIZEOF (.data))

.noinit         0x0000000000804000        0x0
                [!provide]                        PROVIDE (__noinit_start, .)
 *(.noinit*)
                [!provide]                        PROVIDE (__noinit_end, .)
                0x0000000000804000                _end = .

.eeprom         0x0000000000810000        0x0
 *(.eeprom*)
                0x0000000000810000                __eeprom_end = .

.fuse
 *(.fuse)
 *(.lfuse)
 *(.hfuse)
 *(.efuse)

.lock
 *(.lock*)

.signature
 *(.signature*)

.user_signatures
 *(.user_signatures*)

.stab
 *(.stab)

.stabstr
 *(.stabstr)

.stab.excl
 *(.stab.excl)

.stab.exclstr
 *(.stab.exclstr)

.stab.index
 *(.stab.index)

.stab.indexstr
 *(.stab.indexstr)

.comment        0x0000000000000000       0x2f
 *(.comment)
 .comment       0x0000000000000000       0x2f Drivers/Analog_Comparator/ac_driver.o
                                         0x30 (size before relaxing)
 .comment       0x000000000000002f       0x30 Drivers/Core/core.o
 .comment       0x000000000000002f       0x30 Drivers/Interrupt/interrupt.o
 .comment       0x000000000000002f       0x30 Drivers/IO/io_driver.o
 .comment       0x000000000000002f       0x30 Drivers/LED/led_driver.o
 .comment       0x000000000000002f       0x30 Drivers/Polling/polling.o
 .comment       0x000000000000002f       0x30 Drivers/RTC/rtc.o
 .comment       0x000000000000002f       0x30 main.o
 .comment       0x000000000000002f       0x30 c:/program files/microchip/xc8/v2.36/avr/bin/../lib/gcc/avr/5.4.0/../../../../avr/lib/avrxmega4/memx-const/mapped\libc.a(exit.o)
 .comment       0x000000000000002f       0x30 c:/program files/microchip/xc8/v2.36/avr/bin/../lib/gcc/avr/5.4.0/../../../../avr/lib/avrxmega4/memx-const/mapped\libc.a(_Exit.o)

.note.GNU-stack
                0x0000000000000000        0x0
 .note.GNU-stack
                0x0000000000000000        0x0 c:/program files/microchip/xc8/v2.36/avr/bin/../lib/gcc/avr/5.4.0/../../../../avr/lib/avrxmega4/memx-const/mapped\libc.a(exit.o)
 .note.GNU-stack
                0x0000000000000000        0x0 c:/program files/microchip/xc8/v2.36/avr/bin/../lib/gcc/avr/5.4.0/../../../../avr/lib/avrxmega4/memx-const/mapped\libc.a(_Exit.o)

.stack.descriptors.hdr
                0x0000000000000000        0xe
 .stack.descriptors.hdr
                0x0000000000000000        0xe c:/program files/microchip/xc8/v2.36/avr/bin/../lib/gcc/avr/5.4.0/avrxmega4/memx-const/mapped\libgcc.a(_exit.o)

.note.gnu.build-id
 *(.note.gnu.build-id)

.debug
 *(.debug)

.line
 *(.line)

.debug_srcinfo
 *(.debug_srcinfo)

.debug_sfnames
 *(.debug_sfnames)

.debug_aranges  0x0000000000000000      0x1c8
 *(.debug_aranges)
 .debug_aranges
                0x0000000000000000       0x28 Drivers/Analog_Comparator/ac_driver.o
 .debug_aranges
                0x0000000000000028       0x20 Drivers/Core/core.o
 .debug_aranges
                0x0000000000000048       0x28 Drivers/Interrupt/interrupt.o
 .debug_aranges
                0x0000000000000070       0x20 Drivers/IO/io_driver.o
 .debug_aranges
                0x0000000000000090       0x30 Drivers/LED/led_driver.o
 .debug_aranges
                0x00000000000000c0       0x28 Drivers/Polling/polling.o
 .debug_aranges
                0x00000000000000e8       0xb8 Drivers/RTC/rtc.o
 .debug_aranges
                0x00000000000001a0       0x28 main.o

.debug_pubnames
 *(.debug_pubnames)

.debug_info     0x0000000000000000     0x7ba4
 *(.debug_info .gnu.linkonce.wi.*)
 .debug_info    0x0000000000000000     0x2f42 C:/Program Files (x86)/Atmel/Studio/7.0/Packs/atmel/AVR-Dx_DFP/1.10.114/xc8/avr/lib/avrxmega4/memx-const/mapped/crtavr128db48.o
 .debug_info    0x0000000000002f42      0x8e4 Drivers/Analog_Comparator/ac_driver.o
 .debug_info    0x0000000000003826     0x19c6 Drivers/Core/core.o
 .debug_info    0x00000000000051ec      0x487 Drivers/Interrupt/interrupt.o
 .debug_info    0x0000000000005673      0x5ea Drivers/IO/io_driver.o
 .debug_info    0x0000000000005c5d      0x594 Drivers/LED/led_driver.o
 .debug_info    0x00000000000061f1      0xc0a Drivers/Polling/polling.o
 .debug_info    0x0000000000006dfb      0x990 Drivers/RTC/rtc.o
 .debug_info    0x000000000000778b      0x419 main.o

.debug_abbrev   0x0000000000000000     0x3410
 *(.debug_abbrev)
 .debug_abbrev  0x0000000000000000     0x2cc2 C:/Program Files (x86)/Atmel/Studio/7.0/Packs/atmel/AVR-Dx_DFP/1.10.114/xc8/avr/lib/avrxmega4/memx-const/mapped/crtavr128db48.o
 .debug_abbrev  0x0000000000002cc2      0x11a Drivers/Analog_Comparator/ac_driver.o
 .debug_abbrev  0x0000000000002ddc      0x10e Drivers/Core/core.o
 .debug_abbrev  0x0000000000002eea       0xc3 Drivers/Interrupt/interrupt.o
 .debug_abbrev  0x0000000000002fad       0xa2 Drivers/IO/io_driver.o
 .debug_abbrev  0x000000000000304f       0x8a Drivers/LED/led_driver.o
 .debug_abbrev  0x00000000000030d9      0x13f Drivers/Polling/polling.o
 .debug_abbrev  0x0000000000003218      0x14c Drivers/RTC/rtc.o
 .debug_abbrev  0x0000000000003364       0xac main.o

.debug_line     0x0000000000000000     0x1074
 *(.debug_line .debug_line.* .debug_line_end)
 .debug_line    0x0000000000000000      0x234 C:/Program Files (x86)/Atmel/Studio/7.0/Packs/atmel/AVR-Dx_DFP/1.10.114/xc8/avr/lib/avrxmega4/memx-const/mapped/crtavr128db48.o
 .debug_line    0x0000000000000234      0x14c Drivers/Analog_Comparator/ac_driver.o
 .debug_line    0x0000000000000380      0x1ec Drivers/Core/core.o
 .debug_line    0x000000000000056c      0x1f1 Drivers/Interrupt/interrupt.o
 .debug_line    0x000000000000075d      0x121 Drivers/IO/io_driver.o
 .debug_line    0x000000000000087e      0x131 Drivers/LED/led_driver.o
 .debug_line    0x00000000000009af      0x1f3 Drivers/Polling/polling.o
 .debug_line    0x0000000000000ba2      0x35c Drivers/RTC/rtc.o
 .debug_line    0x0000000000000efe      0x176 main.o

.debug_frame    0x0000000000000000      0x3e0
 *(.debug_frame)
 .debug_frame   0x0000000000000000       0x34 Drivers/Analog_Comparator/ac_driver.o
 .debug_frame   0x0000000000000034       0x34 Drivers/Core/core.o
 .debug_frame   0x0000000000000068       0x7c Drivers/Interrupt/interrupt.o
 .debug_frame   0x00000000000000e4       0x24 Drivers/IO/io_driver.o
 .debug_frame   0x0000000000000108       0x44 Drivers/LED/led_driver.o
 .debug_frame   0x000000000000014c       0x7c Drivers/Polling/polling.o
 .debug_frame   0x00000000000001c8      0x1e4 Drivers/RTC/rtc.o
 .debug_frame   0x00000000000003ac       0x34 main.o

.debug_str      0x0000000000000000     0x174a
 *(.debug_str)
 .debug_str     0x0000000000000000     0x14f0 C:/Program Files (x86)/Atmel/Studio/7.0/Packs/atmel/AVR-Dx_DFP/1.10.114/xc8/avr/lib/avrxmega4/memx-const/mapped/crtavr128db48.o
 .debug_str     0x00000000000014f0       0x16 Drivers/Analog_Comparator/ac_driver.o
 .debug_str     0x0000000000001506       0x68 Drivers/Core/core.o
 .debug_str     0x000000000000156e       0x73 Drivers/Interrupt/interrupt.o
 .debug_str     0x00000000000015e1        0x0 Drivers/IO/io_driver.o
 .debug_str     0x00000000000015e1        0x0 Drivers/LED/led_driver.o
 .debug_str     0x00000000000015e1       0xc5 Drivers/Polling/polling.o
 .debug_str     0x00000000000016a6        0x9 Drivers/RTC/rtc.o
 .debug_str     0x00000000000016af       0x9b main.o

.debug_loc      0x0000000000000000      0x3c2
 *(.debug_loc)
 .debug_loc     0x0000000000000000       0x3c Drivers/Core/core.o
 .debug_loc     0x000000000000003c       0xe9 Drivers/Interrupt/interrupt.o
 .debug_loc     0x0000000000000125       0xe9 Drivers/Polling/polling.o
 .debug_loc     0x000000000000020e      0x196 Drivers/RTC/rtc.o
 .debug_loc     0x00000000000003a4       0x1e main.o

.debug_macinfo
 *(.debug_macinfo)

.debug_weaknames
 *(.debug_weaknames)

.debug_funcnames
 *(.debug_funcnames)

.debug_typenames
 *(.debug_typenames)

.debug_varnames
 *(.debug_varnames)

.debug_pubtypes
 *(.debug_pubtypes)

.debug_ranges   0x0000000000000000      0x148
 *(.debug_ranges)
 .debug_ranges  0x0000000000000000       0x18 Drivers/Analog_Comparator/ac_driver.o
 .debug_ranges  0x0000000000000018       0x10 Drivers/Core/core.o
 .debug_ranges  0x0000000000000028       0x18 Drivers/Interrupt/interrupt.o
 .debug_ranges  0x0000000000000040       0x10 Drivers/IO/io_driver.o
 .debug_ranges  0x0000000000000050       0x20 Drivers/LED/led_driver.o
 .debug_ranges  0x0000000000000070       0x18 Drivers/Polling/polling.o
 .debug_ranges  0x0000000000000088       0xa8 Drivers/RTC/rtc.o
 .debug_ranges  0x0000000000000130       0x18 main.o

.debug_macro
 *(.debug_macro)
OUTPUT(AVR128DB48_Code.elf elf32-avr)
LOAD linker stubs
LOAD data_init

.note.gnu.avr.deviceinfo
                0x0000000000000000       0x40
 .note.gnu.avr.deviceinfo
                0x0000000000000000       0x40 C:/Program Files (x86)/Atmel/Studio/7.0/Packs/atmel/AVR-Dx_DFP/1.10.114/xc8/avr/lib/avrxmega4/memx-const/mapped/crtavr128db48.o

.bss.RTC_PIT_isr_cb
                0x0000000000804000        0x2
 .bss.RTC_PIT_isr_cb
                0x0000000000804000        0x2 Drivers/RTC/rtc.o
                0x0000000000804000                RTC_PIT_isr_cb

.bss.RTC_CMP_isr_cb
                0x0000000000804002        0x2
 .bss.RTC_CMP_isr_cb
                0x0000000000804002        0x2 Drivers/RTC/rtc.o
                0x0000000000804002                RTC_CMP_isr_cb

.bss.RTC_OVF_isr_cb
                0x0000000000804004        0x2
 .bss.RTC_OVF_isr_cb
                0x0000000000804004        0x2 Drivers/RTC/rtc.o
                0x0000000000804004                RTC_OVF_isr_cb

.text.__vector_5
                0x0000000000000160       0x7e
 .text.__vector_5
                0x0000000000000160       0x7e Drivers/RTC/rtc.o
                0x0000000000000160                __vector_5

.text.core_init
                0x00000000000001de       0x6e
 .text.core_init
                0x00000000000001de       0x6e Drivers/Core/core.o
                0x00000000000001de                core_init

.text.__vector_9
                0x000000000000024c       0x68
 .text.__vector_9
                0x000000000000024c       0x68 Drivers/Polling/polling.o
                0x000000000000024c                __vector_9

.text.__vector_25
                0x00000000000002b4       0x64
 .text.__vector_25
                0x00000000000002b4       0x64 Drivers/Interrupt/interrupt.o
                0x00000000000002b4                __vector_25

.text.__vector_6
                0x0000000000000318       0x60
 .text.__vector_6
                0x0000000000000318       0x60 Drivers/RTC/rtc.o
                0x0000000000000318                __vector_6

.text.ac_driver_init
                0x0000000000000378       0x20
 .text.ac_driver_init
                0x0000000000000378       0x20 Drivers/Analog_Comparator/ac_driver.o
                0x0000000000000378                ac_driver_init

.text.io_driver_disable
                0x0000000000000398       0x1e
 .text.io_driver_disable
                0x0000000000000398       0x1e Drivers/IO/io_driver.o
                0x0000000000000398                io_driver_disable

.text.exit      0x00000000000003b6       0x16
 .text.exit     0x00000000000003b6       0x16 c:/program files/microchip/xc8/v2.36/avr/bin/../lib/gcc/avr/5.4.0/../../../../avr/lib/avrxmega4/memx-const/mapped\libc.a(exit.o)
                0x00000000000003b6                exit

.text.ac_driver_get_status
                0x00000000000003cc        0xa
 .text.ac_driver_get_status
                0x00000000000003cc        0xa Drivers/Analog_Comparator/ac_driver.o
                0x00000000000003cc                ac_driver_get_status

.text.led_driver_init
                0x00000000000003d6        0x8
 .text.led_driver_init
                0x00000000000003d6        0x8 Drivers/LED/led_driver.o
                0x00000000000003d6                led_driver_init

.text.led_driver_set_led_on
                0x00000000000003de        0x8
 .text.led_driver_set_led_on
                0x00000000000003de        0x8 Drivers/LED/led_driver.o
                0x00000000000003de                led_driver_set_led_on

.text.led_driver_set_led_off
                0x00000000000003e6        0x8
 .text.led_driver_set_led_off
                0x00000000000003e6        0x8 Drivers/LED/led_driver.o
                0x00000000000003e6                led_driver_set_led_off

.text.main      0x00000000000003ee        0x6
 .text.main     0x00000000000003ee        0x6 main.o
                0x00000000000003ee                main

.text           0x00000000000003f4        0x4
 .text          0x00000000000003f4        0x4 C:/Program Files (x86)/Atmel/Studio/7.0/Packs/atmel/AVR-Dx_DFP/1.10.114/xc8/avr/lib/avrxmega4/memx-const/mapped/crtavr128db48.o
                0x00000000000003f4                __vector_38
                0x00000000000003f4                __vector_22
                0x00000000000003f4                __vector_28
                0x00000000000003f4                __vector_1
                0x00000000000003f4                __vector_32
                0x00000000000003f4                __vector_34
                0x00000000000003f4                __vector_24
                0x00000000000003f4                __vector_12
                0x00000000000003f4                __vector_55
                0x00000000000003f4                __vector_46
                0x00000000000003f4                __bad_interrupt
                0x00000000000003f4                __vector_31
                0x00000000000003f4                __vector_35
                0x00000000000003f4                __vector_39
                0x00000000000003f4                __vector_3
                0x00000000000003f4                __vector_23
                0x00000000000003f4                __vector_30
                0x00000000000003f4                __vector_45
                0x00000000000003f4                __vector_11
                0x00000000000003f4                __vector_54
                0x00000000000003f4                __vector_13
                0x00000000000003f4                __vector_17
                0x00000000000003f4                __vector_19
                0x00000000000003f4                __vector_56
                0x00000000000003f4                __vector_7
                0x00000000000003f4                __vector_49
                0x00000000000003f4                __vector_41
                0x00000000000003f4                __vector_43
                0x00000000000003f4                __vector_27
                0x00000000000003f4                __vector_33
                0x00000000000003f4                __vector_47
                0x00000000000003f4                __vector_52
                0x00000000000003f4                __vector_37
                0x00000000000003f4                __vector_4
                0x00000000000003f4                __vector_44
                0x00000000000003f4                __vector_51
                0x00000000000003f4                __vector_2
                0x00000000000003f4                __vector_21
                0x00000000000003f4                __vector_15
                0x00000000000003f4                __vector_36
                0x00000000000003f4                __vector_58
                0x00000000000003f4                __vector_29
                0x00000000000003f4                __vector_60
                0x00000000000003f4                __vector_40
                0x00000000000003f4                __vector_8
                0x00000000000003f4                __vector_26
                0x00000000000003f4                __vector_48
                0x00000000000003f4                __vector_14
                0x00000000000003f4                __vector_57
                0x00000000000003f4                __vector_53
                0x00000000000003f4                __vector_10
                0x00000000000003f4                __vector_50
                0x00000000000003f4                __vector_16
                0x00000000000003f4                __vector_59
                0x00000000000003f4                __vector_18
                0x00000000000003f4                __vector_20
                0x00000000000003f4                __vector_42

.text._Exit     0x00000000000003f8        0x4
 .text._Exit    0x00000000000003f8        0x4 c:/program files/microchip/xc8/v2.36/avr/bin/../lib/gcc/avr/5.4.0/../../../../avr/lib/avrxmega4/memx-const/mapped\libc.a(_Exit.o)
                0x00000000000003f8                _Exit

.text.__dummy_fini
                0x00000000000003fc        0x2
 .text.__dummy_fini
                0x00000000000003fc        0x2 c:/program files/microchip/xc8/v2.36/avr/bin/../lib/gcc/avr/5.4.0/../../../../avr/lib/avrxmega4/memx-const/mapped\libc.a(exit.o)
                0x00000000000003fc                _fini

.text.__dummy_funcs_on_exit
                0x00000000000003fe        0x2
 .text.__dummy_funcs_on_exit
                0x00000000000003fe        0x2 c:/program files/microchip/xc8/v2.36/avr/bin/../lib/gcc/avr/5.4.0/../../../../avr/lib/avrxmega4/memx-const/mapped\libc.a(exit.o)
                0x00000000000003fe                __funcs_on_exit

.text.__dummy_simulator_exit
                0x0000000000000400        0x2
 .text.__dummy_simulator_exit
                0x0000000000000400        0x2 c:/program files/microchip/xc8/v2.36/avr/bin/../lib/gcc/avr/5.4.0/../../../../avr/lib/avrxmega4/memx-const/mapped\libc.a(exit.o)
                0x0000000000000400                __simulator_exit
