Archive member included to satisfy reference by file (symbol)

c:/program files/microchip/xc8/v2.36/avr/bin/../lib/gcc/avr/5.4.0/../../../../avr/lib/avrxmega4/memx-const/mapped\libc.a(exit.o)
                              C:/Program Files (x86)/Atmel/Studio/7.0/Packs/atmel/AVR-Dx_DFP/1.10.114/xc8/avr/lib/avrxmega4/memx-const/mapped/crtavr128db48.o (exit)
c:/program files/microchip/xc8/v2.36/avr/bin/../lib/gcc/avr/5.4.0/../../../../avr/lib/avrxmega4/memx-const/mapped\libc.a(_Exit.o)
                              c:/program files/microchip/xc8/v2.36/avr/bin/../lib/gcc/avr/5.4.0/../../../../avr/lib/avrxmega4/memx-const/mapped\libc.a(exit.o) (_Exit)
c:/program files/microchip/xc8/v2.36/avr/bin/../lib/gcc/avr/5.4.0/avrxmega4/memx-const/mapped\libgcc.a(_exit.o)
                              c:/program files/microchip/xc8/v2.36/avr/bin/../lib/gcc/avr/5.4.0/../../../../avr/lib/avrxmega4/memx-const/mapped\libc.a(_Exit.o) (_exit)

Discarded input sections

 .data          0x0000000000000000        0x0 C:/Program Files (x86)/Atmel/Studio/7.0/Packs/atmel/AVR-Dx_DFP/1.10.114/xc8/avr/lib/avrxmega4/memx-const/mapped/crtavr128db48.o
 .bss           0x0000000000000000        0x0 C:/Program Files (x86)/Atmel/Studio/7.0/Packs/atmel/AVR-Dx_DFP/1.10.114/xc8/avr/lib/avrxmega4/memx-const/mapped/crtavr128db48.o
 .text          0x0000000000000000        0x0 Drivers/Analog_Comparator/ac_driver.o
 .data          0x0000000000000000        0x0 Drivers/Analog_Comparator/ac_driver.o
 .bss           0x0000000000000000        0x0 Drivers/Analog_Comparator/ac_driver.o
 .text          0x0000000000000000        0x0 Drivers/Core/core.o
 .data          0x0000000000000000        0x0 Drivers/Core/core.o
 .bss           0x0000000000000000        0x0 Drivers/Core/core.o
 .text.core_init
                0x0000000000000000       0x6e Drivers/Core/core.o
 .debug_info    0x0000000000000000     0x1973 Drivers/Core/core.o
 .debug_abbrev  0x0000000000000000      0x10e Drivers/Core/core.o
 .debug_loc     0x0000000000000000       0x3c Drivers/Core/core.o
 .debug_aranges
                0x0000000000000000       0x20 Drivers/Core/core.o
 .debug_ranges  0x0000000000000000       0x10 Drivers/Core/core.o
 .debug_line    0x0000000000000000      0x1ec Drivers/Core/core.o
 .debug_str     0x0000000000000000       0x68 Drivers/Core/core.o
 .comment       0x0000000000000000       0x30 Drivers/Core/core.o
 .debug_frame   0x0000000000000000       0x34 Drivers/Core/core.o
 .text          0x0000000000000000        0x0 Drivers/Interrupt/interrupt.o
 .data          0x0000000000000000        0x0 Drivers/Interrupt/interrupt.o
 .bss           0x0000000000000000        0x0 Drivers/Interrupt/interrupt.o
 .text.interrupt_init
                0x0000000000000000       0x1e Drivers/Interrupt/interrupt.o
 .text          0x0000000000000000        0x0 Drivers/IO/io_driver.o
 .data          0x0000000000000000        0x0 Drivers/IO/io_driver.o
 .bss           0x0000000000000000        0x0 Drivers/IO/io_driver.o
 .text          0x0000000000000000        0x0 Drivers/LED/led_driver.o
 .data          0x0000000000000000        0x0 Drivers/LED/led_driver.o
 .bss           0x0000000000000000        0x0 Drivers/LED/led_driver.o
 .text          0x0000000000000000        0x0 Drivers/Polling/polling.o
 .data          0x0000000000000000        0x0 Drivers/Polling/polling.o
 .bss           0x0000000000000000        0x0 Drivers/Polling/polling.o
 .text.polling_init
                0x0000000000000000       0x26 Drivers/Polling/polling.o
 .text          0x0000000000000000        0x0 Drivers/USART/usart.o
 .data          0x0000000000000000        0x0 Drivers/USART/usart.o
 .bss           0x0000000000000000        0x0 Drivers/USART/usart.o
 .text.USART3_IsTxReady
                0x0000000000000000        0xc Drivers/USART/usart.o
 .text.USART3_IsRxReady
                0x0000000000000000        0xc Drivers/USART/usart.o
 .text.USART3_Read
                0x0000000000000000        0xe Drivers/USART/usart.o
 .text          0x0000000000000000        0x0 main.o
 .data          0x0000000000000000        0x0 main.o
 .bss           0x0000000000000000        0x0 main.o
 .text          0x0000000000000000        0x0 c:/program files/microchip/xc8/v2.36/avr/bin/../lib/gcc/avr/5.4.0/../../../../avr/lib/avrxmega4/memx-const/mapped\libc.a(exit.o)
 .data          0x0000000000000000        0x0 c:/program files/microchip/xc8/v2.36/avr/bin/../lib/gcc/avr/5.4.0/../../../../avr/lib/avrxmega4/memx-const/mapped\libc.a(exit.o)
 .bss           0x0000000000000000        0x0 c:/program files/microchip/xc8/v2.36/avr/bin/../lib/gcc/avr/5.4.0/../../../../avr/lib/avrxmega4/memx-const/mapped\libc.a(exit.o)
 .text          0x0000000000000000        0x0 c:/program files/microchip/xc8/v2.36/avr/bin/../lib/gcc/avr/5.4.0/../../../../avr/lib/avrxmega4/memx-const/mapped\libc.a(_Exit.o)
 .data          0x0000000000000000        0x0 c:/program files/microchip/xc8/v2.36/avr/bin/../lib/gcc/avr/5.4.0/../../../../avr/lib/avrxmega4/memx-const/mapped\libc.a(_Exit.o)
 .bss           0x0000000000000000        0x0 c:/program files/microchip/xc8/v2.36/avr/bin/../lib/gcc/avr/5.4.0/../../../../avr/lib/avrxmega4/memx-const/mapped\libc.a(_Exit.o)
 .text          0x0000000000000000        0x0 c:/program files/microchip/xc8/v2.36/avr/bin/../lib/gcc/avr/5.4.0/avrxmega4/memx-const/mapped\libgcc.a(_exit.o)
 .data          0x0000000000000000        0x0 c:/program files/microchip/xc8/v2.36/avr/bin/../lib/gcc/avr/5.4.0/avrxmega4/memx-const/mapped\libgcc.a(_exit.o)
 .bss           0x0000000000000000        0x0 c:/program files/microchip/xc8/v2.36/avr/bin/../lib/gcc/avr/5.4.0/avrxmega4/memx-const/mapped\libgcc.a(_exit.o)
 .text.libgcc.mul
                0x0000000000000000        0x0 c:/program files/microchip/xc8/v2.36/avr/bin/../lib/gcc/avr/5.4.0/avrxmega4/memx-const/mapped\libgcc.a(_exit.o)
 .text.libgcc.div
                0x0000000000000000        0x0 c:/program files/microchip/xc8/v2.36/avr/bin/../lib/gcc/avr/5.4.0/avrxmega4/memx-const/mapped\libgcc.a(_exit.o)
 .text.libgcc   0x0000000000000000        0x0 c:/program files/microchip/xc8/v2.36/avr/bin/../lib/gcc/avr/5.4.0/avrxmega4/memx-const/mapped\libgcc.a(_exit.o)
 .text.libgcc.prologue
                0x0000000000000000        0x0 c:/program files/microchip/xc8/v2.36/avr/bin/../lib/gcc/avr/5.4.0/avrxmega4/memx-const/mapped\libgcc.a(_exit.o)
 .stack.descriptors
                0x0000000000000000       0x13 c:/program files/microchip/xc8/v2.36/avr/bin/../lib/gcc/avr/5.4.0/avrxmega4/memx-const/mapped\libgcc.a(_exit.o)
 .text.libgcc.builtins
                0x0000000000000000        0x0 c:/program files/microchip/xc8/v2.36/avr/bin/../lib/gcc/avr/5.4.0/avrxmega4/memx-const/mapped\libgcc.a(_exit.o)
 .text.libgcc.fmul
                0x0000000000000000        0x0 c:/program files/microchip/xc8/v2.36/avr/bin/../lib/gcc/avr/5.4.0/avrxmega4/memx-const/mapped\libgcc.a(_exit.o)
 .text.libgcc.fixed
                0x0000000000000000        0x0 c:/program files/microchip/xc8/v2.36/avr/bin/../lib/gcc/avr/5.4.0/avrxmega4/memx-const/mapped\libgcc.a(_exit.o)

Memory Configuration

Name             Origin             Length             Attributes
text             0x0000000000000000 0x0000000000020000 xr
data             0x0000000000804000 0x0000000000004000 rw !x
eeprom           0x0000000000810000 0x0000000000000200 rw !x
fuse             0x0000000000820000 0x0000000000000010 rw !x
lock             0x0000000000830000 0x0000000000000400 rw !x
signature        0x0000000000840000 0x0000000000000400 rw !x
user_signatures  0x0000000000850000 0x0000000000000400 rw !x
*default*        0x0000000000000000 0xffffffffffffffff

Linker script and memory map

Address of section .data set to 0x804000
                0x0000000000008000                __RODATA_PM_OFFSET__ = 0x8000
LOAD C:/Program Files (x86)/Atmel/Studio/7.0/Packs/atmel/AVR-Dx_DFP/1.10.114/xc8/avr/lib/avrxmega4/memx-const/mapped/crtavr128db48.o
LOAD Drivers/Analog_Comparator/ac_driver.o
LOAD Drivers/Core/core.o
LOAD Drivers/Interrupt/interrupt.o
LOAD Drivers/IO/io_driver.o
LOAD Drivers/LED/led_driver.o
LOAD Drivers/Polling/polling.o
LOAD Drivers/USART/usart.o
LOAD main.o
START GROUP
LOAD c:/program files/microchip/xc8/v2.36/avr/bin/../lib/gcc/avr/5.4.0/../../../../avr/lib/avrxmega4/memx-const/mapped\libm.a
END GROUP
START GROUP
LOAD c:/program files/microchip/xc8/v2.36/avr/bin/../lib/gcc/avr/5.4.0/avrxmega4/memx-const/mapped\libgcc.a
LOAD c:/program files/microchip/xc8/v2.36/avr/bin/../lib/gcc/avr/5.4.0/../../../../avr/lib/avrxmega4/memx-const/mapped\libm.a
LOAD c:/program files/microchip/xc8/v2.36/avr/bin/../lib/gcc/avr/5.4.0/../../../../avr/lib/avrxmega4/memx-const/mapped\libc.a
LOAD C:/Program Files (x86)/Atmel/Studio/7.0/Packs/atmel/AVR-Dx_DFP/1.10.114/xc8/avr/lib/avrxmega4/memx-const/mapped\libavr128db48.a
END GROUP
                [0x0000000000000000]                __TEXT_REGION_ORIGIN__ = DEFINED (__TEXT_REGION_ORIGIN__)?__TEXT_REGION_ORIGIN__:0x0
                [0x0000000000804000]                __DATA_REGION_ORIGIN__ = DEFINED (__DATA_REGION_ORIGIN__)?__DATA_REGION_ORIGIN__:0x802000
                [0x0000000000020000]                __TEXT_REGION_LENGTH__ = DEFINED (__TEXT_REGION_LENGTH__)?__TEXT_REGION_LENGTH__:0x100000
                [0x0000000000004000]                __DATA_REGION_LENGTH__ = DEFINED (__DATA_REGION_LENGTH__)?__DATA_REGION_LENGTH__:0xffa0
                [0x0000000000000200]                __EEPROM_REGION_LENGTH__ = DEFINED (__EEPROM_REGION_LENGTH__)?__EEPROM_REGION_LENGTH__:0x10000
                [0x0000000000000010]                __FUSE_REGION_LENGTH__ = DEFINED (__FUSE_REGION_LENGTH__)?__FUSE_REGION_LENGTH__:0x400
                0x0000000000000400                __LOCK_REGION_LENGTH__ = DEFINED (__LOCK_REGION_LENGTH__)?__LOCK_REGION_LENGTH__:0x400
                0x0000000000000400                __SIGNATURE_REGION_LENGTH__ = DEFINED (__SIGNATURE_REGION_LENGTH__)?__SIGNATURE_REGION_LENGTH__:0x400
                0x0000000000000400                __USER_SIGNATURE_REGION_LENGTH__ = DEFINED (__USER_SIGNATURE_REGION_LENGTH__)?__USER_SIGNATURE_REGION_LENGTH__:0x400

.hash
 *(.hash)

.dynsym
 *(.dynsym)

.dynstr
 *(.dynstr)

.gnu.version
 *(.gnu.version)

.gnu.version_d
 *(.gnu.version_d)

.gnu.version_r
 *(.gnu.version_r)

.rel.init
 *(.rel.init)

.rela.init
 *(.rela.init)

.rel.text
 *(.rel.text)
 *(.rel.text.*)
 *(.rel.gnu.linkonce.t*)

.rela.text
 *(.rela.text)
 *(.rela.text.*)
 *(.rela.gnu.linkonce.t*)

.rel.fini
 *(.rel.fini)

.rela.fini
 *(.rela.fini)

.rel.rodata
 *(.rel.rodata)
 *(.rel.rodata.*)
 *(.rel.gnu.linkonce.r*)

.rela.rodata
 *(.rela.rodata)
 *(.rela.rodata.*)
 *(.rela.gnu.linkonce.r*)

.rel.data
 *(.rel.data)
 *(.rel.data.*)
 *(.rel.gnu.linkonce.d*)

.rela.data
 *(.rela.data)
 *(.rela.data.*)
 *(.rela.gnu.linkonce.d*)

.rel.ctors
 *(.rel.ctors)

.rela.ctors
 *(.rela.ctors)

.rel.dtors
 *(.rel.dtors)

.rela.dtors
 *(.rela.dtors)

.rel.got
 *(.rel.got)

.rela.got
 *(.rela.got)

.rel.bss
 *(.rel.bss)

.rela.bss
 *(.rela.bss)

.rel.plt
 *(.rel.plt)

.rela.plt
 *(.rela.plt)

.text           0x0000000000000000      0x11a
 *(.vectors)
 .vectors       0x0000000000000000       0xf4 C:/Program Files (x86)/Atmel/Studio/7.0/Packs/atmel/AVR-Dx_DFP/1.10.114/xc8/avr/lib/avrxmega4/memx-const/mapped/crtavr128db48.o
                0x0000000000000000                __vector_default
                0x0000000000000000                __vectors
 *(.vectors)
 *(.progmem.gcc*)
 *(.dinit)
 .dinit         0x00000000000000f4        0x0 data_init
                0x00000000000000f4                . = ALIGN (0x2)
                0x00000000000000f4                __trampolines_start = .
 *(.trampolines)
 .trampolines   0x00000000000000f4        0x0 linker stubs
 *(.trampolines*)
                0x00000000000000f4                __trampolines_end = .
 *libprintf_flt.a:*(.progmem.data)
 *libc.a:*(.progmem.data)
                0x00000000000000f4                . = ALIGN (0x2)
 *(.jumptables)
 *(.jumptables*)
 *(.lowtext)
 *(.lowtext*)
                0x00000000000000f4                __ctors_start = .
 *(.ctors)
                0x00000000000000f4                __ctors_end = .
                0x00000000000000f4                __dtors_start = .
 *(.dtors)
                0x00000000000000f4                __dtors_end = .
 SORT(*)(.ctors)
 SORT(*)(.dtors)
 *(.init0)
 .init0         0x00000000000000f4        0x0 C:/Program Files (x86)/Atmel/Studio/7.0/Packs/atmel/AVR-Dx_DFP/1.10.114/xc8/avr/lib/avrxmega4/memx-const/mapped/crtavr128db48.o
                0x00000000000000f4                __init
 *(.init0)
 *(.init1)
 .init1         0x00000000000000f4        0xe C:/Program Files (x86)/Atmel/Studio/7.0/Packs/atmel/AVR-Dx_DFP/1.10.114/xc8/avr/lib/avrxmega4/memx-const/mapped/crtavr128db48.o
 *(.init1)
 *(.init2)
 .init2         0x0000000000000102        0xc C:/Program Files (x86)/Atmel/Studio/7.0/Packs/atmel/AVR-Dx_DFP/1.10.114/xc8/avr/lib/avrxmega4/memx-const/mapped/crtavr128db48.o
 *(.init2)
 *(.init3)
 *(.init3)
 *(.init4)
 *(.init4)
 *(.init5)
 *(.init5)
 *(.init6)
 *(.init6)
 *(.init7)
 *(.init7)
 *(.init8)
 *(.init8)
 *(.init9)
 .init9         0x000000000000010e        0x8 C:/Program Files (x86)/Atmel/Studio/7.0/Packs/atmel/AVR-Dx_DFP/1.10.114/xc8/avr/lib/avrxmega4/memx-const/mapped/crtavr128db48.o
 *(.init9)
                0x0000000000000116                . = ALIGN (0x2)
 *(.fini9)
 .fini9         0x0000000000000116        0x0 c:/program files/microchip/xc8/v2.36/avr/bin/../lib/gcc/avr/5.4.0/avrxmega4/memx-const/mapped\libgcc.a(_exit.o)
                0x0000000000000116                _exit
 *(.fini9)
 *(.fini8)
 *(.fini8)
 *(.fini7)
 *(.fini7)
 *(.fini6)
 *(.fini6)
 *(.fini5)
 *(.fini5)
 *(.fini4)
 *(.fini4)
 *(.fini3)
 *(.fini3)
 *(.fini2)
 *(.fini2)
 *(.fini1)
 *(.fini1)
 *(.fini0)
 .fini0         0x0000000000000116        0x4 c:/program files/microchip/xc8/v2.36/avr/bin/../lib/gcc/avr/5.4.0/avrxmega4/memx-const/mapped\libgcc.a(_exit.o)
 *(.fini0)
                0x000000000000011a                _etext = .

.data           0x0000000000804000        0x0 load address 0x000000000000011a
                [!provide]                        PROVIDE (__data_start, .)
 *(.gnu.linkonce.d*)
 *(.gnu.linkonce.r*)
                0x0000000000804000                . = ALIGN (0x2)
                0x0000000000804000                _edata = .
                [!provide]                        PROVIDE (__data_end, .)

.bss            0x0000000000804000        0x0
                [!provide]                        PROVIDE (__bss_start, .)
 *(COMMON)
                [!provide]                        PROVIDE (__bss_end, .)
                0x000000000000011a                __data_load_start = LOADADDR (.data)
                0x000000000000011a                __data_load_end = (__data_load_start + SIZEOF (.data))

.noinit         0x0000000000804000        0x0
                [!provide]                        PROVIDE (__noinit_start, .)
 *(.noinit*)
                [!provide]                        PROVIDE (__noinit_end, .)
                0x0000000000804000                _end = .

.eeprom         0x0000000000810000        0x0
 *(.eeprom*)
                0x0000000000810000                __eeprom_end = .

.fuse
 *(.fuse)
 *(.lfuse)
 *(.hfuse)
 *(.efuse)

.lock
 *(.lock*)

.signature
 *(.signature*)

.user_signatures
 *(.user_signatures*)

.stab
 *(.stab)

.stabstr
 *(.stabstr)

.stab.excl
 *(.stab.excl)

.stab.exclstr
 *(.stab.exclstr)

.stab.index
 *(.stab.index)

.stab.indexstr
 *(.stab.indexstr)

.comment        0x0000000000000000       0x2f
 *(.comment)
 .comment       0x0000000000000000       0x2f Drivers/Analog_Comparator/ac_driver.o
                                         0x30 (size before relaxing)
 .comment       0x000000000000002f       0x30 Drivers/Interrupt/interrupt.o
 .comment       0x000000000000002f       0x30 Drivers/IO/io_driver.o
 .comment       0x000000000000002f       0x30 Drivers/LED/led_driver.o
 .comment       0x000000000000002f       0x30 Drivers/Polling/polling.o
 .comment       0x000000000000002f       0x30 Drivers/USART/usart.o
 .comment       0x000000000000002f       0x30 main.o
 .comment       0x000000000000002f       0x30 c:/program files/microchip/xc8/v2.36/avr/bin/../lib/gcc/avr/5.4.0/../../../../avr/lib/avrxmega4/memx-const/mapped\libc.a(exit.o)
 .comment       0x000000000000002f       0x30 c:/program files/microchip/xc8/v2.36/avr/bin/../lib/gcc/avr/5.4.0/../../../../avr/lib/avrxmega4/memx-const/mapped\libc.a(_Exit.o)

.note.GNU-stack
                0x0000000000000000        0x0
 .note.GNU-stack
                0x0000000000000000        0x0 c:/program files/microchip/xc8/v2.36/avr/bin/../lib/gcc/avr/5.4.0/../../../../avr/lib/avrxmega4/memx-const/mapped\libc.a(exit.o)
 .note.GNU-stack
                0x0000000000000000        0x0 c:/program files/microchip/xc8/v2.36/avr/bin/../lib/gcc/avr/5.4.0/../../../../avr/lib/avrxmega4/memx-const/mapped\libc.a(_Exit.o)

.stack.descriptors.hdr
                0x0000000000000000        0xe
 .stack.descriptors.hdr
                0x0000000000000000        0xe c:/program files/microchip/xc8/v2.36/avr/bin/../lib/gcc/avr/5.4.0/avrxmega4/memx-const/mapped\libgcc.a(_exit.o)

.note.gnu.build-id
 *(.note.gnu.build-id)

.debug
 *(.debug)

.line
 *(.line)

.debug_srcinfo
 *(.debug_srcinfo)

.debug_sfnames
 *(.debug_sfnames)

.debug_aranges  0x0000000000000000      0x140
 *(.debug_aranges)
 .debug_aranges
                0x0000000000000000       0x28 Drivers/Analog_Comparator/ac_driver.o
 .debug_aranges
                0x0000000000000028       0x28 Drivers/Interrupt/interrupt.o
 .debug_aranges
                0x0000000000000050       0x20 Drivers/IO/io_driver.o
 .debug_aranges
                0x0000000000000070       0x30 Drivers/LED/led_driver.o
 .debug_aranges
                0x00000000000000a0       0x28 Drivers/Polling/polling.o
 .debug_aranges
                0x00000000000000c8       0x48 Drivers/USART/usart.o
 .debug_aranges
                0x0000000000000110       0x30 main.o

.debug_pubnames
 *(.debug_pubnames)

.debug_info     0x0000000000000000     0x6498
 *(.debug_info .gnu.linkonce.wi.*)
 .debug_info    0x0000000000000000     0x2f42 C:/Program Files (x86)/Atmel/Studio/7.0/Packs/atmel/AVR-Dx_DFP/1.10.114/xc8/avr/lib/avrxmega4/memx-const/mapped/crtavr128db48.o
 .debug_info    0x0000000000002f42      0x891 Drivers/Analog_Comparator/ac_driver.o
 .debug_info    0x00000000000037d3      0x434 Drivers/Interrupt/interrupt.o
 .debug_info    0x0000000000003c07      0x597 Drivers/IO/io_driver.o
 .debug_info    0x000000000000419e      0x541 Drivers/LED/led_driver.o
 .debug_info    0x00000000000046df      0xbb7 Drivers/Polling/polling.o
 .debug_info    0x0000000000005296      0x7a3 Drivers/USART/usart.o
 .debug_info    0x0000000000005a39      0xa5f main.o

.debug_abbrev   0x0000000000000000     0x33dd
 *(.debug_abbrev)
 .debug_abbrev  0x0000000000000000     0x2cc2 C:/Program Files (x86)/Atmel/Studio/7.0/Packs/atmel/AVR-Dx_DFP/1.10.114/xc8/avr/lib/avrxmega4/memx-const/mapped/crtavr128db48.o
 .debug_abbrev  0x0000000000002cc2      0x11a Drivers/Analog_Comparator/ac_driver.o
 .debug_abbrev  0x0000000000002ddc       0xc3 Drivers/Interrupt/interrupt.o
 .debug_abbrev  0x0000000000002e9f       0xa2 Drivers/IO/io_driver.o
 .debug_abbrev  0x0000000000002f41       0x8a Drivers/LED/led_driver.o
 .debug_abbrev  0x0000000000002fcb      0x13f Drivers/Polling/polling.o
 .debug_abbrev  0x000000000000310a      0x180 Drivers/USART/usart.o
 .debug_abbrev  0x000000000000328a      0x153 main.o

.debug_line     0x0000000000000000      0xdab
 *(.debug_line .debug_line.* .debug_line_end)
 .debug_line    0x0000000000000000      0x234 C:/Program Files (x86)/Atmel/Studio/7.0/Packs/atmel/AVR-Dx_DFP/1.10.114/xc8/avr/lib/avrxmega4/memx-const/mapped/crtavr128db48.o
 .debug_line    0x0000000000000234      0x14c Drivers/Analog_Comparator/ac_driver.o
 .debug_line    0x0000000000000380      0x1f1 Drivers/Interrupt/interrupt.o
 .debug_line    0x0000000000000571      0x121 Drivers/IO/io_driver.o
 .debug_line    0x0000000000000692      0x131 Drivers/LED/led_driver.o
 .debug_line    0x00000000000007c3      0x1f3 Drivers/Polling/polling.o
 .debug_line    0x00000000000009b6      0x1ce Drivers/USART/usart.o
 .debug_line    0x0000000000000b84      0x227 main.o

.debug_frame    0x0000000000000000      0x270
 *(.debug_frame)
 .debug_frame   0x0000000000000000       0x34 Drivers/Analog_Comparator/ac_driver.o
 .debug_frame   0x0000000000000034       0x7c Drivers/Interrupt/interrupt.o
 .debug_frame   0x00000000000000b0       0x24 Drivers/IO/io_driver.o
 .debug_frame   0x00000000000000d4       0x44 Drivers/LED/led_driver.o
 .debug_frame   0x0000000000000118       0x7c Drivers/Polling/polling.o
 .debug_frame   0x0000000000000194       0x88 Drivers/USART/usart.o
 .debug_frame   0x000000000000021c       0x54 main.o

.debug_str      0x0000000000000000     0x16b7
 *(.debug_str)
 .debug_str     0x0000000000000000     0x14f0 C:/Program Files (x86)/Atmel/Studio/7.0/Packs/atmel/AVR-Dx_DFP/1.10.114/xc8/avr/lib/avrxmega4/memx-const/mapped/crtavr128db48.o
 .debug_str     0x00000000000014f0       0x16 Drivers/Analog_Comparator/ac_driver.o
 .debug_str     0x0000000000001506       0x73 Drivers/Interrupt/interrupt.o
 .debug_str     0x0000000000001579        0x0 Drivers/IO/io_driver.o
 .debug_str     0x0000000000001579        0x0 Drivers/LED/led_driver.o
 .debug_str     0x0000000000001579       0xc5 Drivers/Polling/polling.o
 .debug_str     0x000000000000163e        0xb Drivers/USART/usart.o
 .debug_str     0x0000000000001649       0x6e main.o

.debug_loc      0x0000000000000000      0x2b1
 *(.debug_loc)
 .debug_loc     0x0000000000000000       0xe9 Drivers/Interrupt/interrupt.o
 .debug_loc     0x00000000000000e9       0xe9 Drivers/Polling/polling.o
 .debug_loc     0x00000000000001d2       0xa3 Drivers/USART/usart.o
 .debug_loc     0x0000000000000275       0x3c main.o

.debug_macinfo
 *(.debug_macinfo)

.debug_weaknames
 *(.debug_weaknames)

.debug_funcnames
 *(.debug_funcnames)

.debug_typenames
 *(.debug_typenames)

.debug_varnames
 *(.debug_varnames)

.debug_pubtypes
 *(.debug_pubtypes)

.debug_ranges   0x0000000000000000       0xd0
 *(.debug_ranges)
 .debug_ranges  0x0000000000000000       0x18 Drivers/Analog_Comparator/ac_driver.o
 .debug_ranges  0x0000000000000018       0x18 Drivers/Interrupt/interrupt.o
 .debug_ranges  0x0000000000000030       0x10 Drivers/IO/io_driver.o
 .debug_ranges  0x0000000000000040       0x20 Drivers/LED/led_driver.o
 .debug_ranges  0x0000000000000060       0x18 Drivers/Polling/polling.o
 .debug_ranges  0x0000000000000078       0x38 Drivers/USART/usart.o
 .debug_ranges  0x00000000000000b0       0x20 main.o

.debug_macro
 *(.debug_macro)
OUTPUT(AVR128DB48_Code.elf elf32-avr)
LOAD linker stubs
LOAD data_init

.note.gnu.avr.deviceinfo
                0x0000000000000000       0x40
 .note.gnu.avr.deviceinfo
                0x0000000000000000       0x40 C:/Program Files (x86)/Atmel/Studio/7.0/Packs/atmel/AVR-Dx_DFP/1.10.114/xc8/avr/lib/avrxmega4/memx-const/mapped/crtavr128db48.o

.rodata         0x000000000080811a        0x5 load address 0x000000000000011a
 .rodata        0x000000000080811a        0x5 main.o

.text.__vector_9
                0x0000000000000120       0x68
 .text.__vector_9
                0x0000000000000120       0x68 Drivers/Polling/polling.o
                0x0000000000000120                __vector_9

.text.__vector_25
                0x0000000000000188       0x64
 .text.__vector_25
                0x0000000000000188       0x64 Drivers/Interrupt/interrupt.o
                0x0000000000000188                __vector_25

.text.main      0x00000000000001ec       0x48
 .text.main     0x00000000000001ec       0x48 main.o
                0x00000000000001ec                main

.text.USART3_SendString
                0x0000000000000234       0x3c
 .text.USART3_SendString
                0x0000000000000234       0x3c Drivers/USART/usart.o
                0x0000000000000234                USART3_SendString

.text.USART3_Init
                0x0000000000000270       0x24
 .text.USART3_Init
                0x0000000000000270       0x24 Drivers/USART/usart.o
                0x0000000000000270                USART3_Init

.text.ac_driver_init
                0x0000000000000294       0x20
 .text.ac_driver_init
                0x0000000000000294       0x20 Drivers/Analog_Comparator/ac_driver.o
                0x0000000000000294                ac_driver_init

.text.io_driver_disable
                0x00000000000002b4       0x1e
 .text.io_driver_disable
                0x00000000000002b4       0x1e Drivers/IO/io_driver.o
                0x00000000000002b4                io_driver_disable

.text.__vector_5
                0x00000000000002d2       0x1e
 .text.__vector_5
                0x00000000000002d2       0x1e main.o
                0x00000000000002d2                __vector_5

.text.setup_rtc_wakeup
                0x00000000000002f0       0x18
 .text.setup_rtc_wakeup
                0x00000000000002f0       0x18 main.o
                0x00000000000002f0                setup_rtc_wakeup

.text.exit      0x0000000000000308       0x16
 .text.exit     0x0000000000000308       0x16 c:/program files/microchip/xc8/v2.36/avr/bin/../lib/gcc/avr/5.4.0/../../../../avr/lib/avrxmega4/memx-const/mapped\libc.a(exit.o)
                0x0000000000000308                exit

.text.USART3_SendChar
                0x000000000000031e        0xe
 .text.USART3_SendChar
                0x000000000000031e        0xe Drivers/USART/usart.o
                0x000000000000031e                USART3_SendChar

.text.ac_driver_get_status
                0x000000000000032c        0xa
 .text.ac_driver_get_status
                0x000000000000032c        0xa Drivers/Analog_Comparator/ac_driver.o
                0x000000000000032c                ac_driver_get_status

.text.led_driver_init
                0x0000000000000336        0x8
 .text.led_driver_init
                0x0000000000000336        0x8 Drivers/LED/led_driver.o
                0x0000000000000336                led_driver_init

.text.led_driver_set_led_on
                0x000000000000033e        0x8
 .text.led_driver_set_led_on
                0x000000000000033e        0x8 Drivers/LED/led_driver.o
                0x000000000000033e                led_driver_set_led_on

.text.led_driver_set_led_off
                0x0000000000000346        0x8
 .text.led_driver_set_led_off
                0x0000000000000346        0x8 Drivers/LED/led_driver.o
                0x0000000000000346                led_driver_set_led_off

.text           0x000000000000034e        0x4
 .text          0x000000000000034e        0x4 C:/Program Files (x86)/Atmel/Studio/7.0/Packs/atmel/AVR-Dx_DFP/1.10.114/xc8/avr/lib/avrxmega4/memx-const/mapped/crtavr128db48.o
                0x000000000000034e                __vector_38
                0x000000000000034e                __vector_22
                0x000000000000034e                __vector_28
                0x000000000000034e                __vector_1
                0x000000000000034e                __vector_32
                0x000000000000034e                __vector_34
                0x000000000000034e                __vector_24
                0x000000000000034e                __vector_12
                0x000000000000034e                __vector_55
                0x000000000000034e                __vector_46
                0x000000000000034e                __bad_interrupt
                0x000000000000034e                __vector_6
                0x000000000000034e                __vector_31
                0x000000000000034e                __vector_35
                0x000000000000034e                __vector_39
                0x000000000000034e                __vector_3
                0x000000000000034e                __vector_23
                0x000000000000034e                __vector_30
                0x000000000000034e                __vector_45
                0x000000000000034e                __vector_11
                0x000000000000034e                __vector_54
                0x000000000000034e                __vector_13
                0x000000000000034e                __vector_17
                0x000000000000034e                __vector_19
                0x000000000000034e                __vector_56
                0x000000000000034e                __vector_7
                0x000000000000034e                __vector_49
                0x000000000000034e                __vector_41
                0x000000000000034e                __vector_43
                0x000000000000034e                __vector_27
                0x000000000000034e                __vector_33
                0x000000000000034e                __vector_47
                0x000000000000034e                __vector_52
                0x000000000000034e                __vector_37
                0x000000000000034e                __vector_4
                0x000000000000034e                __vector_44
                0x000000000000034e                __vector_51
                0x000000000000034e                __vector_2
                0x000000000000034e                __vector_21
                0x000000000000034e                __vector_15
                0x000000000000034e                __vector_36
                0x000000000000034e                __vector_58
                0x000000000000034e                __vector_29
                0x000000000000034e                __vector_60
                0x000000000000034e                __vector_40
                0x000000000000034e                __vector_8
                0x000000000000034e                __vector_26
                0x000000000000034e                __vector_48
                0x000000000000034e                __vector_14
                0x000000000000034e                __vector_57
                0x000000000000034e                __vector_53
                0x000000000000034e                __vector_10
                0x000000000000034e                __vector_50
                0x000000000000034e                __vector_16
                0x000000000000034e                __vector_59
                0x000000000000034e                __vector_18
                0x000000000000034e                __vector_20
                0x000000000000034e                __vector_42

.text._Exit     0x0000000000000352        0x4
 .text._Exit    0x0000000000000352        0x4 c:/program files/microchip/xc8/v2.36/avr/bin/../lib/gcc/avr/5.4.0/../../../../avr/lib/avrxmega4/memx-const/mapped\libc.a(_Exit.o)
                0x0000000000000352                _Exit

.text.__dummy_fini
                0x0000000000000356        0x2
 .text.__dummy_fini
                0x0000000000000356        0x2 c:/program files/microchip/xc8/v2.36/avr/bin/../lib/gcc/avr/5.4.0/../../../../avr/lib/avrxmega4/memx-const/mapped\libc.a(exit.o)
                0x0000000000000356                _fini

.text.__dummy_funcs_on_exit
                0x0000000000000358        0x2
 .text.__dummy_funcs_on_exit
                0x0000000000000358        0x2 c:/program files/microchip/xc8/v2.36/avr/bin/../lib/gcc/avr/5.4.0/../../../../avr/lib/avrxmega4/memx-const/mapped\libc.a(exit.o)
                0x0000000000000358                __funcs_on_exit

.text.__dummy_simulator_exit
                0x000000000000035a        0x2
 .text.__dummy_simulator_exit
                0x000000000000035a        0x2 c:/program files/microchip/xc8/v2.36/avr/bin/../lib/gcc/avr/5.4.0/../../../../avr/lib/avrxmega4/memx-const/mapped\libc.a(exit.o)
                0x000000000000035a                __simulator_exit
